Promotion brief for shape a1b2c3d4e5f6: 4 sightings in 3 sessions, last 2026-10-03 (measured).

1. Latest sighting (scrubbed)

Command: python3 - <<'PY'

```python
import json
from collections import Counter
rows = [json.loads(l) for l in open("runs/b.jsonl")]
c = Counter(r["status"] for r in rows)
print(c.most_common(5))
```

Literals that differ across sightings (likely parameters):
- literal 1 -> --path (path): "runs/a.jsonl", "runs/b.jsonl", "runs/c.jsonl"
- literal 3 -> --n (int): "5", "10"

2. Proposal

Name: count-json (two or three kebab words, verb-noun or noun-noun; rename if a better one fits)

# [params]
# path = { type = "path", required = true, help = "seen: runs/a.jsonl, runs/b.jsonl, runs/c.jsonl" }
# n = { type = "int", required = true, help = "seen: 5, 10" }
#
# [provenance]
# created = "2026-10-03"
# source = "candidate:a1b2c3d4e5f6"
# sessions = 3

3. Rules (format: https://github.com/caveman-ai/blocks/blob/main/docs/FORMAT.md)

BLOCKS. Scripts in this repo are reusable blocks in .blocks/. Rules:
1. Check the block index below first. If a block fits, run it. If one almost fits, add a param to it.
2. A script you would run twice, or over ~10 lines, becomes a block, not a heredoc or a /tmp file.
3. Inputs are params. No hardcoded paths, ids, ports or dates.
4. Print one small JSON object: the answer, not the data. Filter, count and truncate in code.
5. Exit 0 on success, non-zero with {"error": ...} on failure.
6. Safe to re-run: idempotent, no prompts, cleans up after itself.
7. Header first: name, summary, params, effects, example. caveman-blocks lint checks it.
8. Compose: call existing blocks with caveman-blocks run instead of copying their code.

4. Steps

Write .blocks/count-json.py, add a fixture under .blocks/fixtures/count-json/ if the example needs one, then, with <name> = count-json:

caveman-blocks lint .blocks/<name>.py
caveman-blocks verify <name>
caveman-blocks sync            # prints every file it changed
git add <those files> .blocks && git commit -m "blocks: add <name>"

Commit on the current branch, which must not be the repository's default branch.
